Archive member included to satisfy reference by file (symbol)

c:/program files (x86)/atmel/studio/7.0/toolchain/avr8/avr8-gnu-toolchain/bin/../lib/gcc/avr/5.4.0/avr5\libgcc.a(_exit.o)
                              C:/Program Files (x86)/Atmel/Studio/7.0/Packs/atmel/ATmega_DFP/1.7.374/gcc/dev/atmega32a/avr5/crtatmega32a.o (exit)
c:/program files (x86)/atmel/studio/7.0/toolchain/avr8/avr8-gnu-toolchain/bin/../lib/gcc/avr/5.4.0/avr5\libgcc.a(_copy_data.o)
                              Application/CARS/cars.o (__do_copy_data)
c:/program files (x86)/atmel/studio/7.0/toolchain/avr8/avr8-gnu-toolchain/bin/../lib/gcc/avr/5.4.0/avr5\libgcc.a(_clear_bss.o)
                              Application/USER/User.o (__do_clear_bss)

Allocating common symbols
Common symbol       size              file

test                0x1               MCAL/GPIO/GPIO_Test.o

Discarded input sections

 .data          0x00000000        0x0 C:/Program Files (x86)/Atmel/Studio/7.0/Packs/atmel/ATmega_DFP/1.7.374/gcc/dev/atmega32a/avr5/crtatmega32a.o
 .bss           0x00000000        0x0 C:/Program Files (x86)/Atmel/Studio/7.0/Packs/atmel/ATmega_DFP/1.7.374/gcc/dev/atmega32a/avr5/crtatmega32a.o
 .text          0x00000000        0x0 Application/App.o
 .data          0x00000000        0x0 Application/App.o
 .bss           0x00000000        0x0 Application/App.o
 .text          0x00000000        0x0 Application/CARS/cars.o
 .data          0x00000000        0x0 Application/CARS/cars.o
 .bss           0x00000000        0x0 Application/CARS/cars.o
 .text          0x00000000        0x0 Application/PEDESTRIANS/pedestrians.o
 .data          0x00000000        0x0 Application/PEDESTRIANS/pedestrians.o
 .bss           0x00000000        0x0 Application/PEDESTRIANS/pedestrians.o
 .text.PEDESTRIANS_GetState
                0x00000000        0x6 Application/PEDESTRIANS/pedestrians.o
 .text          0x00000000        0x0 Application/USER/User.o
 .data          0x00000000        0x0 Application/USER/User.o
 .bss           0x00000000        0x0 Application/USER/User.o
 .text          0x00000000        0x0 ECUAL/LED/LED.o
 .data          0x00000000        0x0 ECUAL/LED/LED.o
 .bss           0x00000000        0x0 ECUAL/LED/LED.o
 .text          0x00000000        0x0 ECUAL/BUTTON/BUTTON.o
 .data          0x00000000        0x0 ECUAL/BUTTON/BUTTON.o
 .bss           0x00000000        0x0 ECUAL/BUTTON/BUTTON.o
 .text          0x00000000        0x0 main.o
 .data          0x00000000        0x0 main.o
 .bss           0x00000000        0x0 main.o
 .text          0x00000000        0x0 MCAL/GPIO/GPIO.o
 .data          0x00000000        0x0 MCAL/GPIO/GPIO.o
 .bss           0x00000000        0x0 MCAL/GPIO/GPIO.o
 .text          0x00000000        0x0 MCAL/GPIO/GPIO_Test.o
 .data          0x00000000        0x0 MCAL/GPIO/GPIO_Test.o
 .bss           0x00000000        0x0 MCAL/GPIO/GPIO_Test.o
 .text.GPIO_InitPinTest
                0x00000000       0x6a MCAL/GPIO/GPIO_Test.o
 .text.GPIO_WritePINTest
                0x00000000       0x6a MCAL/GPIO/GPIO_Test.o
 .text.GPIO_ReadPINTest
                0x00000000       0xb2 MCAL/GPIO/GPIO_Test.o
 .text.GPIO_TogglePINTest
                0x00000000       0xae MCAL/GPIO/GPIO_Test.o
 .text.GPIO_TEST
                0x00000000       0x12 MCAL/GPIO/GPIO_Test.o
 .debug_info    0x00000000      0x53f MCAL/GPIO/GPIO_Test.o
 .debug_abbrev  0x00000000       0xbb MCAL/GPIO/GPIO_Test.o
 .debug_aranges
                0x00000000       0x40 MCAL/GPIO/GPIO_Test.o
 .debug_ranges  0x00000000       0x30 MCAL/GPIO/GPIO_Test.o
 .debug_line    0x00000000      0x272 MCAL/GPIO/GPIO_Test.o
 .debug_str     0x00000000      0x32e MCAL/GPIO/GPIO_Test.o
 .comment       0x00000000       0x31 MCAL/GPIO/GPIO_Test.o
 .debug_frame   0x00000000       0x64 MCAL/GPIO/GPIO_Test.o
 COMMON         0x00000000        0x1 MCAL/GPIO/GPIO_Test.o
 .text          0x00000000        0x0 MCAL/TIMER0/Timer0.o
 .data          0x00000000        0x0 MCAL/TIMER0/Timer0.o
 .bss           0x00000000        0x0 MCAL/TIMER0/Timer0.o
 .text.Timer0_Stop
                0x00000000        0x4 MCAL/TIMER0/Timer0.o
 .text          0x00000000        0x0 SERVICE/SWITCH/SWITCH.o
 .data          0x00000000        0x0 SERVICE/SWITCH/SWITCH.o
 .bss           0x00000000        0x0 SERVICE/SWITCH/SWITCH.o
 .text          0x00000000        0x0 SERVICE/DISPLAY/DISPLAY.o
 .data          0x00000000        0x0 SERVICE/DISPLAY/DISPLAY.o
 .bss           0x00000000        0x0 SERVICE/DISPLAY/DISPLAY.o
 .text          0x00000000        0x0 SERVICE/TIME/time.o
 .data          0x00000000        0x0 SERVICE/TIME/time.o
 .bss           0x00000000        0x0 SERVICE/TIME/time.o
 .text          0x00000000        0x0 c:/program files (x86)/atmel/studio/7.0/toolchain/avr8/avr8-gnu-toolchain/bin/../lib/gcc/avr/5.4.0/avr5\libgcc.a(_exit.o)
 .data          0x00000000        0x0 c:/program files (x86)/atmel/studio/7.0/toolchain/avr8/avr8-gnu-toolchain/bin/../lib/gcc/avr/5.4.0/avr5\libgcc.a(_exit.o)
 .bss           0x00000000        0x0 c:/program files (x86)/atmel/studio/7.0/toolchain/avr8/avr8-gnu-toolchain/bin/../lib/gcc/avr/5.4.0/avr5\libgcc.a(_exit.o)
 .text.libgcc.mul
                0x00000000        0x0 c:/program files (x86)/atmel/studio/7.0/toolchain/avr8/avr8-gnu-toolchain/bin/../lib/gcc/avr/5.4.0/avr5\libgcc.a(_exit.o)
 .text.libgcc.div
                0x00000000        0x0 c:/program files (x86)/atmel/studio/7.0/toolchain/avr8/avr8-gnu-toolchain/bin/../lib/gcc/avr/5.4.0/avr5\libgcc.a(_exit.o)
 .text.libgcc   0x00000000        0x0 c:/program files (x86)/atmel/studio/7.0/toolchain/avr8/avr8-gnu-toolchain/bin/../lib/gcc/avr/5.4.0/avr5\libgcc.a(_exit.o)
 .text.libgcc.prologue
                0x00000000        0x0 c:/program files (x86)/atmel/studio/7.0/toolchain/avr8/avr8-gnu-toolchain/bin/../lib/gcc/avr/5.4.0/avr5\libgcc.a(_exit.o)
 .text.libgcc.builtins
                0x00000000        0x0 c:/program files (x86)/atmel/studio/7.0/toolchain/avr8/avr8-gnu-toolchain/bin/../lib/gcc/avr/5.4.0/avr5\libgcc.a(_exit.o)
 .text.libgcc.fmul
                0x00000000        0x0 c:/program files (x86)/atmel/studio/7.0/toolchain/avr8/avr8-gnu-toolchain/bin/../lib/gcc/avr/5.4.0/avr5\libgcc.a(_exit.o)
 .text.libgcc.fixed
                0x00000000        0x0 c:/program files (x86)/atmel/studio/7.0/toolchain/avr8/avr8-gnu-toolchain/bin/../lib/gcc/avr/5.4.0/avr5\libgcc.a(_exit.o)
 .text          0x00000000        0x0 c:/program files (x86)/atmel/studio/7.0/toolchain/avr8/avr8-gnu-toolchain/bin/../lib/gcc/avr/5.4.0/avr5\libgcc.a(_copy_data.o)
 .data          0x00000000        0x0 c:/program files (x86)/atmel/studio/7.0/toolchain/avr8/avr8-gnu-toolchain/bin/../lib/gcc/avr/5.4.0/avr5\libgcc.a(_copy_data.o)
 .bss           0x00000000        0x0 c:/program files (x86)/atmel/studio/7.0/toolchain/avr8/avr8-gnu-toolchain/bin/../lib/gcc/avr/5.4.0/avr5\libgcc.a(_copy_data.o)
 .text.libgcc.mul
                0x00000000        0x0 c:/program files (x86)/atmel/studio/7.0/toolchain/avr8/avr8-gnu-toolchain/bin/../lib/gcc/avr/5.4.0/avr5\libgcc.a(_copy_data.o)
 .text.libgcc.div
                0x00000000        0x0 c:/program files (x86)/atmel/studio/7.0/toolchain/avr8/avr8-gnu-toolchain/bin/../lib/gcc/avr/5.4.0/avr5\libgcc.a(_copy_data.o)
 .text.libgcc   0x00000000        0x0 c:/program files (x86)/atmel/studio/7.0/toolchain/avr8/avr8-gnu-toolchain/bin/../lib/gcc/avr/5.4.0/avr5\libgcc.a(_copy_data.o)
 .text.libgcc.prologue
                0x00000000        0x0 c:/program files (x86)/atmel/studio/7.0/toolchain/avr8/avr8-gnu-toolchain/bin/../lib/gcc/avr/5.4.0/avr5\libgcc.a(_copy_data.o)
 .text.libgcc.builtins
                0x00000000        0x0 c:/program files (x86)/atmel/studio/7.0/toolchain/avr8/avr8-gnu-toolchain/bin/../lib/gcc/avr/5.4.0/avr5\libgcc.a(_copy_data.o)
 .text.libgcc.fmul
                0x00000000        0x0 c:/program files (x86)/atmel/studio/7.0/toolchain/avr8/avr8-gnu-toolchain/bin/../lib/gcc/avr/5.4.0/avr5\libgcc.a(_copy_data.o)
 .text.libgcc.fixed
                0x00000000        0x0 c:/program files (x86)/atmel/studio/7.0/toolchain/avr8/avr8-gnu-toolchain/bin/../lib/gcc/avr/5.4.0/avr5\libgcc.a(_copy_data.o)
 .text          0x00000000        0x0 c:/program files (x86)/atmel/studio/7.0/toolchain/avr8/avr8-gnu-toolchain/bin/../lib/gcc/avr/5.4.0/avr5\libgcc.a(_clear_bss.o)
 .data          0x00000000        0x0 c:/program files (x86)/atmel/studio/7.0/toolchain/avr8/avr8-gnu-toolchain/bin/../lib/gcc/avr/5.4.0/avr5\libgcc.a(_clear_bss.o)
 .bss           0x00000000        0x0 c:/program files (x86)/atmel/studio/7.0/toolchain/avr8/avr8-gnu-toolchain/bin/../lib/gcc/avr/5.4.0/avr5\libgcc.a(_clear_bss.o)
 .text.libgcc.mul
                0x00000000        0x0 c:/program files (x86)/atmel/studio/7.0/toolchain/avr8/avr8-gnu-toolchain/bin/../lib/gcc/avr/5.4.0/avr5\libgcc.a(_clear_bss.o)
 .text.libgcc.div
                0x00000000        0x0 c:/program files (x86)/atmel/studio/7.0/toolchain/avr8/avr8-gnu-toolchain/bin/../lib/gcc/avr/5.4.0/avr5\libgcc.a(_clear_bss.o)
 .text.libgcc   0x00000000        0x0 c:/program files (x86)/atmel/studio/7.0/toolchain/avr8/avr8-gnu-toolchain/bin/../lib/gcc/avr/5.4.0/avr5\libgcc.a(_clear_bss.o)
 .text.libgcc.prologue
                0x00000000        0x0 c:/program files (x86)/atmel/studio/7.0/toolchain/avr8/avr8-gnu-toolchain/bin/../lib/gcc/avr/5.4.0/avr5\libgcc.a(_clear_bss.o)
 .text.libgcc.builtins
                0x00000000        0x0 c:/program files (x86)/atmel/studio/7.0/toolchain/avr8/avr8-gnu-toolchain/bin/../lib/gcc/avr/5.4.0/avr5\libgcc.a(_clear_bss.o)
 .text.libgcc.fmul
                0x00000000        0x0 c:/program files (x86)/atmel/studio/7.0/toolchain/avr8/avr8-gnu-toolchain/bin/../lib/gcc/avr/5.4.0/avr5\libgcc.a(_clear_bss.o)
 .text.libgcc.fixed
                0x00000000        0x0 c:/program files (x86)/atmel/studio/7.0/toolchain/avr8/avr8-gnu-toolchain/bin/../lib/gcc/avr/5.4.0/avr5\libgcc.a(_clear_bss.o)

Memory Configuration

Name             Origin             Length             Attributes
text             0x00000000         0x00008000         xr
data             0x00800060         0x00000800         rw !x
eeprom           0x00810000         0x00000400         rw !x
fuse             0x00820000         0x00000002         rw !x
lock             0x00830000         0x00000400         rw !x
signature        0x00840000         0x00000400         rw !x
user_signatures  0x00850000         0x00000400         rw !x
*default*        0x00000000         0xffffffff

Linker script and memory map

LOAD C:/Program Files (x86)/Atmel/Studio/7.0/Packs/atmel/ATmega_DFP/1.7.374/gcc/dev/atmega32a/avr5/crtatmega32a.o
LOAD Application/App.o
LOAD Application/CARS/cars.o
LOAD Application/PEDESTRIANS/pedestrians.o
LOAD Application/USER/User.o
LOAD ECUAL/LED/LED.o
LOAD ECUAL/BUTTON/BUTTON.o
LOAD main.o
LOAD MCAL/GPIO/GPIO.o
LOAD MCAL/GPIO/GPIO_Test.o
LOAD MCAL/TIMER0/Timer0.o
LOAD SERVICE/SWITCH/SWITCH.o
LOAD SERVICE/DISPLAY/DISPLAY.o
LOAD SERVICE/TIME/time.o
START GROUP
LOAD c:/program files (x86)/atmel/studio/7.0/toolchain/avr8/avr8-gnu-toolchain/bin/../lib/gcc/avr/5.4.0/../../../../avr/lib/avr5\libm.a
END GROUP
START GROUP
LOAD c:/program files (x86)/atmel/studio/7.0/toolchain/avr8/avr8-gnu-toolchain/bin/../lib/gcc/avr/5.4.0/avr5\libgcc.a
LOAD c:/program files (x86)/atmel/studio/7.0/toolchain/avr8/avr8-gnu-toolchain/bin/../lib/gcc/avr/5.4.0/../../../../avr/lib/avr5\libm.a
LOAD c:/program files (x86)/atmel/studio/7.0/toolchain/avr8/avr8-gnu-toolchain/bin/../lib/gcc/avr/5.4.0/../../../../avr/lib/avr5\libc.a
LOAD C:/Program Files (x86)/Atmel/Studio/7.0/Packs/atmel/ATmega_DFP/1.7.374/gcc/dev/atmega32a/avr5\libatmega32a.a
END GROUP
                [0x00000000]                __TEXT_REGION_ORIGIN__ = DEFINED (__TEXT_REGION_ORIGIN__)?__TEXT_REGION_ORIGIN__:0x0
                [0x00800060]                __DATA_REGION_ORIGIN__ = DEFINED (__DATA_REGION_ORIGIN__)?__DATA_REGION_ORIGIN__:0x800060
                [0x00008000]                __TEXT_REGION_LENGTH__ = DEFINED (__TEXT_REGION_LENGTH__)?__TEXT_REGION_LENGTH__:0x20000
                [0x00000800]                __DATA_REGION_LENGTH__ = DEFINED (__DATA_REGION_LENGTH__)?__DATA_REGION_LENGTH__:0xffa0
                [0x00000400]                __EEPROM_REGION_LENGTH__ = DEFINED (__EEPROM_REGION_LENGTH__)?__EEPROM_REGION_LENGTH__:0x10000
                [0x00000002]                __FUSE_REGION_LENGTH__ = DEFINED (__FUSE_REGION_LENGTH__)?__FUSE_REGION_LENGTH__:0x400
                0x00000400                __LOCK_REGION_LENGTH__ = DEFINED (__LOCK_REGION_LENGTH__)?__LOCK_REGION_LENGTH__:0x400
                0x00000400                __SIGNATURE_REGION_LENGTH__ = DEFINED (__SIGNATURE_REGION_LENGTH__)?__SIGNATURE_REGION_LENGTH__:0x400
                0x00000400                __USER_SIGNATURE_REGION_LENGTH__ = DEFINED (__USER_SIGNATURE_REGION_LENGTH__)?__USER_SIGNATURE_REGION_LENGTH__:0x400

.hash
 *(.hash)

.dynsym
 *(.dynsym)

.dynstr
 *(.dynstr)

.gnu.version
 *(.gnu.version)

.gnu.version_d
 *(.gnu.version_d)

.gnu.version_r
 *(.gnu.version_r)

.rel.init
 *(.rel.init)

.rela.init
 *(.rela.init)

.rel.text
 *(.rel.text)
 *(.rel.text.*)
 *(.rel.gnu.linkonce.t*)

.rela.text
 *(.rela.text)
 *(.rela.text.*)
 *(.rela.gnu.linkonce.t*)

.rel.fini
 *(.rel.fini)

.rela.fini
 *(.rela.fini)

.rel.rodata
 *(.rel.rodata)
 *(.rel.rodata.*)
 *(.rel.gnu.linkonce.r*)

.rela.rodata
 *(.rela.rodata)
 *(.rela.rodata.*)
 *(.rela.gnu.linkonce.r*)

.rel.data
 *(.rel.data)
 *(.rel.data.*)
 *(.rel.gnu.linkonce.d*)

.rela.data
 *(.rela.data)
 *(.rela.data.*)
 *(.rela.gnu.linkonce.d*)

.rel.ctors
 *(.rel.ctors)

.rela.ctors
 *(.rela.ctors)

.rel.dtors
 *(.rel.dtors)

.rela.dtors
 *(.rela.dtors)

.rel.got
 *(.rel.got)

.rela.got
 *(.rela.got)

.rel.bss
 *(.rel.bss)

.rela.bss
 *(.rela.bss)

.rel.plt
 *(.rel.plt)

.rela.plt
 *(.rela.plt)

.text           0x00000000      0x7e8
 *(.vectors)
 .vectors       0x00000000       0x54 C:/Program Files (x86)/Atmel/Studio/7.0/Packs/atmel/ATmega_DFP/1.7.374/gcc/dev/atmega32a/avr5/crtatmega32a.o
                0x00000000                __vector_default
                0x00000000                __vectors
 *(.vectors)
 *(.progmem.gcc*)
                0x00000054                . = ALIGN (0x2)
                0x00000054                __trampolines_start = .
 *(.trampolines)
 .trampolines   0x00000054        0x0 linker stubs
 *(.trampolines*)
                0x00000054                __trampolines_end = .
 *libprintf_flt.a:*(.progmem.data)
 *libc.a:*(.progmem.data)
 *(.progmem*)
                0x00000054                . = ALIGN (0x2)
 *(.jumptables)
 *(.jumptables*)
 *(.lowtext)
 *(.lowtext*)
                0x00000054                __ctors_start = .
 *(.ctors)
                0x00000054                __ctors_end = .
                0x00000054                __dtors_start = .
 *(.dtors)
                0x00000054                __dtors_end = .
 SORT(*)(.ctors)
 SORT(*)(.dtors)
 *(.init0)
 .init0         0x00000054        0x0 C:/Program Files (x86)/Atmel/Studio/7.0/Packs/atmel/ATmega_DFP/1.7.374/gcc/dev/atmega32a/avr5/crtatmega32a.o
                0x00000054                __init
 *(.init0)
 *(.init1)
 *(.init1)
 *(.init2)
 .init2         0x00000054        0xc C:/Program Files (x86)/Atmel/Studio/7.0/Packs/atmel/ATmega_DFP/1.7.374/gcc/dev/atmega32a/avr5/crtatmega32a.o
 *(.init2)
 *(.init3)
 *(.init3)
 *(.init4)
 .init4         0x00000060       0x16 c:/program files (x86)/atmel/studio/7.0/toolchain/avr8/avr8-gnu-toolchain/bin/../lib/gcc/avr/5.4.0/avr5\libgcc.a(_copy_data.o)
                0x00000060                __do_copy_data
 .init4         0x00000076       0x10 c:/program files (x86)/atmel/studio/7.0/toolchain/avr8/avr8-gnu-toolchain/bin/../lib/gcc/avr/5.4.0/avr5\libgcc.a(_clear_bss.o)
                0x00000076                __do_clear_bss
 *(.init4)
 *(.init5)
 *(.init5)
 *(.init6)
 *(.init6)
 *(.init7)
 *(.init7)
 *(.init8)
 *(.init8)
 *(.init9)
 .init9         0x00000086        0x8 C:/Program Files (x86)/Atmel/Studio/7.0/Packs/atmel/ATmega_DFP/1.7.374/gcc/dev/atmega32a/avr5/crtatmega32a.o
 *(.init9)
 *(.text)
 .text          0x0000008e        0x4 C:/Program Files (x86)/Atmel/Studio/7.0/Packs/atmel/ATmega_DFP/1.7.374/gcc/dev/atmega32a/avr5/crtatmega32a.o
                0x0000008e                __vector_1
                0x0000008e                __vector_12
                0x0000008e                __bad_interrupt
                0x0000008e                __vector_6
                0x0000008e                __vector_3
                0x0000008e                __vector_11
                0x0000008e                __vector_13
                0x0000008e                __vector_17
                0x0000008e                __vector_19
                0x0000008e                __vector_7
                0x0000008e                __vector_5
                0x0000008e                __vector_4
                0x0000008e                __vector_9
                0x0000008e                __vector_2
                0x0000008e                __vector_15
                0x0000008e                __vector_8
                0x0000008e                __vector_14
                0x0000008e                __vector_10
                0x0000008e                __vector_16
                0x0000008e                __vector_18
                0x0000008e                __vector_20
                0x00000092                . = ALIGN (0x2)
 *(.text.*)
 .text.APP_Init
                0x00000092       0x12 Application/App.o
                0x00000092                APP_Init
 .text.APP_Start
                0x000000a4       0x1a Application/App.o
                0x000000a4                APP_Start
 .text.CARS_Init
                0x000000be       0x1a Application/CARS/cars.o
                0x000000be                CARS_Init
 .text.CARS_RunState
                0x000000d8       0x48 Application/CARS/cars.o
                0x000000d8                CARS_RunState
 .text.CARS_SetState
                0x00000120       0x36 Application/CARS/cars.o
                0x00000120                CARS_SetState
 .text.CARS_UpdateTraffic
                0x00000156       0x76 Application/CARS/cars.o
                0x00000156                CARS_UpdateTraffic
 .text.CARS_GetState
                0x000001cc        0x6 Application/CARS/cars.o
                0x000001cc                CARS_GetState
 .text.PEDESTRIANS_Init
                0x000001d2       0x1a Application/PEDESTRIANS/pedestrians.o
                0x000001d2                PEDESTRIANS_Init
 .text.PEDESTRIANS_RunState
                0x000001ec       0x48 Application/PEDESTRIANS/pedestrians.o
                0x000001ec                PEDESTRIANS_RunState
 .text.PEDESTRIANS_SetState
                0x00000234       0x38 Application/PEDESTRIANS/pedestrians.o
                0x00000234                PEDESTRIANS_SetState
 .text.PEDESTRIANS_UpdateTraffic
                0x0000026c       0x6a Application/PEDESTRIANS/pedestrians.o
                0x0000026c                PEDESTRIANS_UpdateTraffic
 .text.USER_Init
                0x000002d6        0x8 Application/USER/User.o
                0x000002d6                USER_Init
 .text.USER_longPressedStatus
                0x000002de        0x6 Application/USER/User.o
                0x000002de                USER_longPressedStatus
 .text.USER_Update
                0x000002e4       0x6c Application/USER/User.o
                0x000002e4                USER_Update
 .text.LED_Init
                0x00000350        0xc ECUAL/LED/LED.o
                0x00000350                LED_Init
 .text.LED_SetState
                0x0000035c        0xa ECUAL/LED/LED.o
                0x0000035c                LED_SetState
 .text.LED_Toggle
                0x00000366        0xa ECUAL/LED/LED.o
                0x00000366                LED_Toggle
 .text.BTN_Init
                0x00000370        0xc ECUAL/BUTTON/BUTTON.o
                0x00000370                BTN_Init
 .text.BTN_GetState
                0x0000037c        0x6 ECUAL/BUTTON/BUTTON.o
                0x0000037c                BTN_GetState
 .text.main     0x00000382        0xa main.o
                0x00000382                main
 .text.GPIO_InitPin
                0x0000038c       0xde MCAL/GPIO/GPIO.o
                0x0000038c                GPIO_InitPin
 .text.GPIO_WritePIN
                0x0000046a       0x9e MCAL/GPIO/GPIO.o
                0x0000046a                GPIO_WritePIN
 .text.GPIO_ReadPIN
                0x00000508       0x66 MCAL/GPIO/GPIO.o
                0x00000508                GPIO_ReadPIN
 .text.GPIO_TogglePIN
                0x0000056e       0x46 MCAL/GPIO/GPIO.o
                0x0000056e                GPIO_TogglePIN
 .text.Timer0_Init
                0x000005b4        0x4 MCAL/TIMER0/Timer0.o
                0x000005b4                Timer0_Init
 .text.Timer0_Start
                0x000005b8       0x22 MCAL/TIMER0/Timer0.o
                0x000005b8                Timer0_Start
 .text.Timer0_getStatus
                0x000005da        0x6 MCAL/TIMER0/Timer0.o
                0x000005da                Timer0_getStatus
 .text.SWITCH_Init
                0x000005e0        0xe SERVICE/SWITCH/SWITCH.o
                0x000005e0                SWITCH_Init
 .text.SWITCH_GetState
                0x000005ee       0x1a SERVICE/SWITCH/SWITCH.o
                0x000005ee                SWITCH_GetState
 .text.DISPLAY_Init
                0x00000608       0x9a SERVICE/DISPLAY/DISPLAY.o
                0x00000608                DISPLAY_Init
 .text.DISPLAY_SetState
                0x000006a2       0x64 SERVICE/DISPLAY/DISPLAY.o
                0x000006a2                DISPLAY_SetState
 .text.DISPLAY_Toggle
                0x00000706       0x58 SERVICE/DISPLAY/DISPLAY.o
                0x00000706                DISPLAY_Toggle
 .text.DISPLAY_ON
                0x0000075e        0x8 SERVICE/DISPLAY/DISPLAY.o
                0x0000075e                DISPLAY_ON
 .text.DISPLAY_OFF
                0x00000766        0x8 SERVICE/DISPLAY/DISPLAY.o
                0x00000766                DISPLAY_OFF
 .text.TIME_Init
                0x0000076e        0x6 SERVICE/TIME/time.o
                0x0000076e                TIME_Init
 .text.TIME_Update
                0x00000774       0x46 SERVICE/TIME/time.o
                0x00000774                TIME_Update
 .text.TIME_OneSecondElapsed
                0x000007ba       0x1e SERVICE/TIME/time.o
                0x000007ba                TIME_OneSecondElapsed
 .text.TIME_SecondsElapsed
                0x000007d8        0x6 SERVICE/TIME/time.o
                0x000007d8                TIME_SecondsElapsed
 .text.TIME_ResetSeconds
                0x000007de        0x6 SERVICE/TIME/time.o
                0x000007de                TIME_ResetSeconds
                0x000007e4                . = ALIGN (0x2)
 *(.fini9)
 .fini9         0x000007e4        0x0 c:/program files (x86)/atmel/studio/7.0/toolchain/avr8/avr8-gnu-toolchain/bin/../lib/gcc/avr/5.4.0/avr5\libgcc.a(_exit.o)
                0x000007e4                _exit
                0x000007e4                exit
 *(.fini9)
 *(.fini8)
 *(.fini8)
 *(.fini7)
 *(.fini7)
 *(.fini6)
 *(.fini6)
 *(.fini5)
 *(.fini5)
 *(.fini4)
 *(.fini4)
 *(.fini3)
 *(.fini3)
 *(.fini2)
 *(.fini2)
 *(.fini1)
 *(.fini1)
 *(.fini0)
 .fini0         0x000007e4        0x4 c:/program files (x86)/atmel/studio/7.0/toolchain/avr8/avr8-gnu-toolchain/bin/../lib/gcc/avr/5.4.0/avr5\libgcc.a(_exit.o)
 *(.fini0)
                0x000007e8                _etext = .

.data           0x00800060        0x8 load address 0x000007e8
                0x00800060                PROVIDE (__data_start, .)
 *(.data)
 *(.data*)
 .data.carsStateHandler
                0x00800060        0x3 Application/CARS/cars.o
 .data.pedestriansStateHandler
                0x00800063        0x3 Application/PEDESTRIANS/pedestrians.o
 .data.timeStatus
                0x00800066        0x1 MCAL/TIMER0/Timer0.o
                0x00800066                timeStatus
 *(.gnu.linkonce.d*)
 *(.rodata)
 *(.rodata*)
 *(.gnu.linkonce.r*)
                0x00800068                . = ALIGN (0x2)
 *fill*         0x00800067        0x1 
                0x00800068                _edata = .
                0x00800068                PROVIDE (__data_end, .)

.bss            0x00800068        0x5
                0x00800068                PROVIDE (__bss_start, .)
 *(.bss)
 *(.bss*)
 .bss.longPressedStatus
                0x00800068        0x1 Application/USER/User.o
                0x00800068                longPressedStatus
 .bss.currentMode
                0x00800069        0x1 Application/USER/User.o
                0x00800069                currentMode
 .bss.timeInSeconds
                0x0080006a        0x1 SERVICE/TIME/time.o
                0x0080006a                timeInSeconds
 .bss.timeInMilliSeconds
                0x0080006b        0x2 SERVICE/TIME/time.o
                0x0080006b                timeInMilliSeconds
 *(COMMON)
                0x0080006d                PROVIDE (__bss_end, .)
                0x000007e8                __data_load_start = LOADADDR (.data)
                0x000007f0                __data_load_end = (__data_load_start + SIZEOF (.data))

.noinit         0x0080006d        0x0
                [!provide]                PROVIDE (__noinit_start, .)
 *(.noinit*)
                [!provide]                PROVIDE (__noinit_end, .)
                0x0080006d                _end = .
                [!provide]                PROVIDE (__heap_start, .)

.eeprom         0x00810000        0x0
 *(.eeprom*)
                0x00810000                __eeprom_end = .

.fuse
 *(.fuse)
 *(.lfuse)
 *(.hfuse)
 *(.efuse)

.lock
 *(.lock*)

.signature
 *(.signature*)

.user_signatures
 *(.user_signatures*)

.stab
 *(.stab)

.stabstr
 *(.stabstr)

.stab.excl
 *(.stab.excl)

.stab.exclstr
 *(.stab.exclstr)

.stab.index
 *(.stab.index)

.stab.indexstr
 *(.stab.indexstr)

.comment        0x00000000       0x30
 *(.comment)
 .comment       0x00000000       0x30 Application/App.o
                                 0x31 (size before relaxing)
 .comment       0x00000030       0x31 Application/CARS/cars.o
 .comment       0x00000030       0x31 Application/PEDESTRIANS/pedestrians.o
 .comment       0x00000030       0x31 Application/USER/User.o
 .comment       0x00000030       0x31 ECUAL/LED/LED.o
 .comment       0x00000030       0x31 ECUAL/BUTTON/BUTTON.o
 .comment       0x00000030       0x31 main.o
 .comment       0x00000030       0x31 MCAL/GPIO/GPIO.o
 .comment       0x00000030       0x31 MCAL/TIMER0/Timer0.o
 .comment       0x00000030       0x31 SERVICE/SWITCH/SWITCH.o
 .comment       0x00000030       0x31 SERVICE/DISPLAY/DISPLAY.o
 .comment       0x00000030       0x31 SERVICE/TIME/time.o

.note.gnu.avr.deviceinfo
                0x00000000       0x3c
 .note.gnu.avr.deviceinfo
                0x00000000       0x3c C:/Program Files (x86)/Atmel/Studio/7.0/Packs/atmel/ATmega_DFP/1.7.374/gcc/dev/atmega32a/avr5/crtatmega32a.o

.note.gnu.build-id
 *(.note.gnu.build-id)

.debug
 *(.debug)

.line
 *(.line)

.debug_srcinfo
 *(.debug_srcinfo)

.debug_sfnames
 *(.debug_sfnames)

.debug_aranges  0x00000000      0x268
 *(.debug_aranges)
 .debug_aranges
                0x00000000       0x28 Application/App.o
 .debug_aranges
                0x00000028       0x40 Application/CARS/cars.o
 .debug_aranges
                0x00000068       0x40 Application/PEDESTRIANS/pedestrians.o
 .debug_aranges
                0x000000a8       0x30 Application/USER/User.o
 .debug_aranges
                0x000000d8       0x30 ECUAL/LED/LED.o
 .debug_aranges
                0x00000108       0x28 ECUAL/BUTTON/BUTTON.o
 .debug_aranges
                0x00000130       0x20 main.o
 .debug_aranges
                0x00000150       0x38 MCAL/GPIO/GPIO.o
 .debug_aranges
                0x00000188       0x38 MCAL/TIMER0/Timer0.o
 .debug_aranges
                0x000001c0       0x28 SERVICE/SWITCH/SWITCH.o
 .debug_aranges
                0x000001e8       0x40 SERVICE/DISPLAY/DISPLAY.o
 .debug_aranges
                0x00000228       0x40 SERVICE/TIME/time.o

.debug_pubnames
 *(.debug_pubnames)

.debug_info     0x00000000     0x1f3d
 *(.debug_info .gnu.linkonce.wi.*)
 .debug_info    0x00000000      0x4e6 C:/Program Files (x86)/Atmel/Studio/7.0/Packs/atmel/ATmega_DFP/1.7.374/gcc/dev/atmega32a/avr5/crtatmega32a.o
 .debug_info    0x000004e6      0x134 Application/App.o
 .debug_info    0x0000061a      0x396 Application/CARS/cars.o
 .debug_info    0x000009b0      0x396 Application/PEDESTRIANS/pedestrians.o
 .debug_info    0x00000d46      0x274 Application/USER/User.o
 .debug_info    0x00000fba      0x27d ECUAL/LED/LED.o
 .debug_info    0x00001237      0x205 ECUAL/BUTTON/BUTTON.o
 .debug_info    0x0000143c       0xbc main.o
 .debug_info    0x000014f8      0x23b MCAL/GPIO/GPIO.o
 .debug_info    0x00001733       0xd5 MCAL/TIMER0/Timer0.o
 .debug_info    0x00001808      0x16c SERVICE/SWITCH/SWITCH.o
 .debug_info    0x00001974      0x47c SERVICE/DISPLAY/DISPLAY.o
 .debug_info    0x00001df0      0x14d SERVICE/TIME/time.o

.debug_abbrev   0x00000000      0xd40
 *(.debug_abbrev)
 .debug_abbrev  0x00000000      0x4a3 C:/Program Files (x86)/Atmel/Studio/7.0/Packs/atmel/ATmega_DFP/1.7.374/gcc/dev/atmega32a/avr5/crtatmega32a.o
 .debug_abbrev  0x000004a3       0x58 Application/App.o
 .debug_abbrev  0x000004fb      0x12f Application/CARS/cars.o
 .debug_abbrev  0x0000062a      0x12f Application/PEDESTRIANS/pedestrians.o
 .debug_abbrev  0x00000759       0xe6 Application/USER/User.o
 .debug_abbrev  0x0000083f       0x9a ECUAL/LED/LED.o
 .debug_abbrev  0x000008d9       0x9a ECUAL/BUTTON/BUTTON.o
 .debug_abbrev  0x00000973       0x68 main.o
 .debug_abbrev  0x000009db       0x9a MCAL/GPIO/GPIO.o
 .debug_abbrev  0x00000a75       0x89 MCAL/TIMER0/Timer0.o
 .debug_abbrev  0x00000afe       0xc3 SERVICE/SWITCH/SWITCH.o
 .debug_abbrev  0x00000bc1       0xbf SERVICE/DISPLAY/DISPLAY.o
 .debug_abbrev  0x00000c80       0xc0 SERVICE/TIME/time.o

.debug_line     0x00000000     0x123b
 *(.debug_line .debug_line.* .debug_line_end)
 .debug_line    0x00000000      0x116 C:/Program Files (x86)/Atmel/Studio/7.0/Packs/atmel/ATmega_DFP/1.7.374/gcc/dev/atmega32a/avr5/crtatmega32a.o
 .debug_line    0x00000116      0x119 Application/App.o
 .debug_line    0x0000022f      0x227 Application/CARS/cars.o
 .debug_line    0x00000456      0x23b Application/PEDESTRIANS/pedestrians.o
 .debug_line    0x00000691      0x1d7 Application/USER/User.o
 .debug_line    0x00000868       0xf1 ECUAL/LED/LED.o
 .debug_line    0x00000959       0xd7 ECUAL/BUTTON/BUTTON.o
 .debug_line    0x00000a30       0x63 main.o
 .debug_line    0x00000a93      0x26a MCAL/GPIO/GPIO.o
 .debug_line    0x00000cfd       0xe7 MCAL/TIMER0/Timer0.o
 .debug_line    0x00000de4      0x120 SERVICE/SWITCH/SWITCH.o
 .debug_line    0x00000f04      0x1fd SERVICE/DISPLAY/DISPLAY.o
 .debug_line    0x00001101      0x13a SERVICE/TIME/time.o

.debug_frame    0x00000000      0x388
 *(.debug_frame)
 .debug_frame   0x00000000       0x34 Application/App.o
 .debug_frame   0x00000034       0x64 Application/CARS/cars.o
 .debug_frame   0x00000098       0x64 Application/PEDESTRIANS/pedestrians.o
 .debug_frame   0x000000fc       0x44 Application/USER/User.o
 .debug_frame   0x00000140       0x44 ECUAL/LED/LED.o
 .debug_frame   0x00000184       0x34 ECUAL/BUTTON/BUTTON.o
 .debug_frame   0x000001b8       0x24 main.o
 .debug_frame   0x000001dc       0x54 MCAL/GPIO/GPIO.o
 .debug_frame   0x00000230       0x54 MCAL/TIMER0/Timer0.o
 .debug_frame   0x00000284       0x34 SERVICE/SWITCH/SWITCH.o
 .debug_frame   0x000002b8       0x6c SERVICE/DISPLAY/DISPLAY.o
 .debug_frame   0x00000324       0x64 SERVICE/TIME/time.o

.debug_str      0x00000000      0xb2e
 *(.debug_str)
 .debug_str     0x00000000      0x196 C:/Program Files (x86)/Atmel/Studio/7.0/Packs/atmel/ATmega_DFP/1.7.374/gcc/dev/atmega32a/avr5/crtatmega32a.o
 .debug_str     0x00000196      0x1ed Application/App.o
 .debug_str     0x00000383      0x1d5 Application/CARS/cars.o
                                0x33a (size before relaxing)
 .debug_str     0x00000558       0xf5 Application/PEDESTRIANS/pedestrians.o
                                0x39c (size before relaxing)
 .debug_str     0x0000064d       0xe3 Application/USER/User.o
                                0x33c (size before relaxing)
 .debug_str     0x00000730      0x1e1 ECUAL/LED/LED.o
                                0x33b (size before relaxing)
 .debug_str     0x00000911       0x6e ECUAL/BUTTON/BUTTON.o
                                0x319 (size before relaxing)
 .debug_str     0x0000097f       0x36 main.o
                                0x1bd (size before relaxing)
 .debug_str     0x000009b5       0x37 MCAL/GPIO/GPIO.o
                                0x324 (size before relaxing)
 .debug_str     0x000009ec       0x7f MCAL/TIMER0/Timer0.o
                                0x1c2 (size before relaxing)
 .debug_str     0x00000a6b       0x3e SERVICE/SWITCH/SWITCH.o
                                0x249 (size before relaxing)
 .debug_str     0x00000aa9       0x46 SERVICE/DISPLAY/DISPLAY.o
                                0x290 (size before relaxing)
 .debug_str     0x00000aef       0x3f SERVICE/TIME/time.o
                                0x21c (size before relaxing)

.debug_loc      0x00000000      0x9b7
 *(.debug_loc)
 .debug_loc     0x00000000       0x66 Application/CARS/cars.o
 .debug_loc     0x00000066       0x66 Application/PEDESTRIANS/pedestrians.o
 .debug_loc     0x000000cc       0x29 Application/USER/User.o
 .debug_loc     0x000000f5       0xe7 ECUAL/LED/LED.o
 .debug_loc     0x000001dc       0x84 ECUAL/BUTTON/BUTTON.o
 .debug_loc     0x00000260      0x30e MCAL/GPIO/GPIO.o
 .debug_loc     0x0000056e       0x91 SERVICE/SWITCH/SWITCH.o
 .debug_loc     0x000005ff      0x3b8 SERVICE/DISPLAY/DISPLAY.o

.debug_macinfo
 *(.debug_macinfo)

.debug_weaknames
 *(.debug_weaknames)

.debug_funcnames
 *(.debug_funcnames)

.debug_typenames
 *(.debug_typenames)

.debug_varnames
 *(.debug_varnames)

.debug_pubtypes
 *(.debug_pubtypes)

.debug_ranges   0x00000000      0x1a8
 *(.debug_ranges)
 .debug_ranges  0x00000000       0x18 Application/App.o
 .debug_ranges  0x00000018       0x30 Application/CARS/cars.o
 .debug_ranges  0x00000048       0x30 Application/PEDESTRIANS/pedestrians.o
 .debug_ranges  0x00000078       0x20 Application/USER/User.o
 .debug_ranges  0x00000098       0x20 ECUAL/LED/LED.o
 .debug_ranges  0x000000b8       0x18 ECUAL/BUTTON/BUTTON.o
 .debug_ranges  0x000000d0       0x10 main.o
 .debug_ranges  0x000000e0       0x28 MCAL/GPIO/GPIO.o
 .debug_ranges  0x00000108       0x28 MCAL/TIMER0/Timer0.o
 .debug_ranges  0x00000130       0x18 SERVICE/SWITCH/SWITCH.o
 .debug_ranges  0x00000148       0x30 SERVICE/DISPLAY/DISPLAY.o
 .debug_ranges  0x00000178       0x30 SERVICE/TIME/time.o

.debug_macro
 *(.debug_macro)
OUTPUT(OnDemandTrafficLightControl.elf elf32-avr)
LOAD linker stubs
